// Jest Snapshot v1, https://goo.gl/fbAQLP

exports[`Game context snapshots sgf1 1`] = `
<pre
  data-testid="boardString"
>
  . . . . . . w b b b . b b b w . w . . 
. . . . . . . w b b b . . b w w . w . 
. . . . . b w w w b b b b w w b w . . 
. . . w w w w b w b . w w b b b w w . 
. w . w b w b b b b . w b . b b w b . 
w . w b b w b w . b . w b w . b b w . 
b w w b w w w w b . b b b . b b b w . 
b b w b b b b b . b w b b b w b w w w 
. b b . . . . b . b w b w w w b b b w 
. . b . . . . b b w w w w . w b b b b 
. . . . . . . . . b w . . b b w w w w 
. b . . . . . . . b w w w . b . w . . 
b . b b . . b b . w b w b b b b b w . 
w b b b b b . b w b b b b w w . w w . 
w w w b w w b b b w w . b w w w w . . 
. . w w . w b w b w w b b w b w . w . 
. . . w . w w w w w b b . b b b w . . 
. . . . . . . . . w w b . . b w w . . 
. . . . . . . . . w b b b b . w . . . 

</pre>
`;

exports[`Game context snapshots sgf2 1`] = `
<pre
  data-testid="boardString"
>
  . . b . . . . w . . w . . . . . . . . 
. b b b b w w . w w b w w . w . . . . 
. w b w w b w w b b b b b w b w w w . 
. w b w . b b b b . b b w w b b b w w 
. w b w . b . b . b w w w b . . b b b 
. b w w w b w . b w . w b . b . w w . 
. w w w b w w . b w w w b b . . . . . 
w . . w b . . . . b w b . w b b . b b 
b w . w b . . . . . b b . w w . b b w 
b b w w b . . b . . . . b b b b w w w 
. . b b b b b b b b b b w w w b w . . 
b b b . b w b w w w w w . b w w w w . 
b w w w b w w . w . w . . w b b b w w 
w w . w . w . w b b w . . w w b b b w 
. . . . w . w w b . w . . w b . b w w 
. . . w w w b b b . w w . w b . b b b 
. . . . w b . . . b w b w w b . . . . 
. . w . w b . b . b b b w b b . . . . 
. . . w b b . . . . b w w w b . . . . 

</pre>
`;

exports[`Game context snapshots sgf3 1`] = `
<pre
  data-testid="boardString"
>
  . . . . b . . . . 
. . w b . b . . . 
b b b b . . b b . 
b w b b b b w b . 
w w w b w w w b . 
. w b b w . w b . 
. w b b w w b b . 
. w b w w . w b b 
. w b b w . w w w 

</pre>
`;
